Java HotSpot(TM) 64-Bit Server VM (25.171-b11) for bsd-amd64 JRE (1.8.0_171-b11), built on Mar 28 2018 12:50:57 by "java_re" with gcc 4.2.1 (Based on Apple Inc. build 5658) (LLVM build 2336.11.00)
Memory: 4k page, physical 8388608k(166480k free)

/proc/meminfo:

CommandLine flags: -XX:InitialHeapSize=134217728 -XX:MaxHeapSize=2147483648 -XX:+PrintGC -XX:+PrintGCDetails -XX:+PrintGCTimeStamps -XX:+UseCompressedClassPointers -XX:+UseCompressedOops -XX:+UseParallelGC 
0.272: [GC (System.gc()) [PSYoungGen: 6770K->4624K(38400K)] 6770K->4632K(125952K), 0.0036522 secs] [Times: user=0.01 sys=0.00, real=0.00 secs] 
0.276: [Full GC (System.gc()) [PSYoungGen: 4624K->0K(38400K)] [ParOldGen: 8K->4499K(87552K)] 4632K->4499K(125952K), [Metaspace: 3286K->3286K(1056768K)], 0.0062748 secs] [Times: user=0.01 sys=0.01, real=0.01 secs] 
Heap
 PSYoungGen      total 38400K, used 333K [0x0000000795580000, 0x0000000798000000, 0x00000007c0000000)
  eden space 33280K, 1% used [0x0000000795580000,0x00000007955d34a8,0x0000000797600000)
  from space 5120K, 0% used [0x0000000797600000,0x0000000797600000,0x0000000797b00000)
  to   space 5120K, 0% used [0x0000000797b00000,0x0000000797b00000,0x0000000798000000)
 ParOldGen       total 87552K, used 4499K [0x0000000740000000, 0x0000000745580000, 0x0000000795580000)
  object space 87552K, 5% used [0x0000000740000000,0x0000000740464fa0,0x0000000745580000)
 Metaspace       used 3293K, capacity 4496K, committed 4864K, reserved 1056768K
  class space    used 363K, capacity 388K, committed 512K, reserved 1048576K
